// Jest Snapshot v1, https://goo.gl/fbAQLP

exports[`App should match the snapshot 1`] = `"<div>¡A jugar!</div><button>Hacé click para ver el estado del juego</button><div></div>"`;
